################################################################################
#                                                                              #
#      IAR Universal Linker V6.5.0.91                                          #
#                                                                              #
#           Link time     =  04/Oct/2017  00:17:03                             #
#           Target CPU    =  MSP430                                            #
#           List file     =  "C:\Users\Alex\Documents\IAR Workbench\PushB_Ok\D #
#                            ebug\List\PushButton1Ok.map"                      #
#           Output file 1 =  "C:\Users\Alex\Documents\IAR Workbench\PushB_Ok\D #
#                            ebug\Exe\PushButton1Ok.hex"                       #
#                            Format: intel-standard                            #
#           Output file 2 =  "C:\Users\Alex\Documents\IAR Workbench\PushB_Ok\D #
#                            ebug\Exe\PushButton1Ok.dbg"                       #
#                            Format: ubrof8                                    #
#                            UBROF version 8.0.2                               #
#           Command line  =  -f C:\Users\Alex\AppData\Local\Temp\EW1279.tmp    #
#                            ("C:\Users\Alex\Documents\IAR Workbench\PushB_Ok\ #
#                            Debug\Obj\asm.r43"                                #
#                            -o                                                #
#                            "C:\Users\Alex\Documents\IAR Workbench\PushB_Ok\D #
#                            ebug\Exe\PushButton1Ok.hex"                       #
#                            -Fintel-standard -l                               #
#                            "C:\Users\Alex\Documents\IAR Workbench\PushB_Ok\D #
#                            ebug\List\PushButton1Ok.map"                      #
#                            -xms                                              #
#                            "-IC:\Program Files (x86)\IAR Systems\Embedded Wo #
#                            rkbench 8.0\430\LIB\"                             #
#                            -f                                                #
#                            "C:\Program Files (x86)\IAR Systems\Embedded Work #
#                            bench 8.0\430\config\linker\lnk430g2553.xcl"      #
#                            (-cmsp430 -QCODE_I=CODE_ID -QTLS16_I=TLS16_ID     #
#                            -Z(CONST)INFO=1000-10FF                           #
#                            -Z(CONST)INFOA=10C0-10FF                          #
#                            -Z(CONST)INFOB=1080-10BF                          #
#                            -Z(CONST)INFOC=1040-107F                          #
#                            -Z(CONST)INFOD=1000-103F                          #
#                            -Z(DATA)DATA16_I,DATA16_Z,DATA16_N,TLS16_I=0200-0 #
#                            3FF                                               #
#                            -Z(DATA)DATA16_HEAP+_DATA16_HEAP_SIZE             #
#                            -Z(DATA)CODE_I -Z(DATA)CSTACK+_STACK_SIZE#        #
#                            -Z(CONST)DATA16_C,DATA16_ID,TLS16_ID,DIFUNCT,CHEC #
#                            KSUM=C000-FFDD                                    #
#                            -Z(CODE)CSTART,ISR_CODE,CODE_ID=C000-FFDD         #
#                            -P(CODE)CODE=C000-FFDD                            #
#                            -Z(CONST)SIGNATURE=FFDE-FFDF                      #
#                            -Z(CODE)INTVEC=FFE0-FFFF                          #
#                            -Z(CODE)RESET=FFFE-FFFF) -D_STACK_SIZE=50         #
#                            -D_DATA16_HEAP_SIZE=50                            #
#                            "-Oubrof8=C:\Users\Alex\Documents\IAR Workbench\P #
#                            ushB_Ok\Debug\Exe\PushButton1Ok.dbg"              #
#                            -D_DATA20_HEAP_SIZE=50)                           #
#                                                                              #
#                           Copyright (C) 1987-2016 IAR Systems AB.            #
################################################################################





                ****************************************
                *                                      *
                *           CROSS REFERENCE            *
                *                                      *
                ****************************************

                  There are no program entries.


                ****************************************
                *                                      *
                *    AUTOMATIC SYMBOL REDIRECTIONS     *
                *                                      *
                ****************************************

                  There are no automatic symbol redirections.



                ****************************************
                *                                      *
                *              MODULE MAP              *
                *                                      *
                ****************************************


  DEFINED ABSOLUTE ENTRIES
    *************************************************************************

  DEFINED ABSOLUTE ENTRIES
  PROGRAM MODULE, NAME : ?ABS_ENTRY_MOD

Absolute parts
           ENTRY                   ADDRESS         REF BY
           =====                   =======         ======
           _DATA20_HEAP_SIZE       0050 
           _DATA16_HEAP_SIZE       0050 
           _STACK_SIZE             0050 
    *************************************************************************

  FILE NAME : C:\Users\Alex\Documents\IAR Workbench\PushB_Ok\Debug\Obj\asm.r43
  PROGRAM MODULE, NAME : asm

Absolute parts
     F800 - F83D
     FFE4 - FFE7
     FFFE - FFFF
           LOCAL                   ADDRESS         
           =====                   =======         
           RESET                   F800 
           StopWDT                 F804 
           SetupP1                 F80A 
           Mainloop                F822 
           P1_ISR                  F828 
           P2_ISR                  F832 



                ****************************************
                *                                      *
                *      SEGMENTS IN ADDRESS ORDER       *
                *                                      *
                ****************************************


SEGMENT              SPACE    START ADDRESS   END ADDRESS     SIZE  TYPE  ALIGN
=======              =====    =============   ===========     ====  ====  =====
                                       F800 - F83D              3E  aseg  
                                       FFE4 - FFE7               4  aseg  
                                       FFFE - FFFF               2  aseg  

                ****************************************
                *                                      *
                *        END OF CROSS REFERENCE        *
                *                                      *
                ****************************************

 0 bytes of CODE memory (+ 68 absolute )

Errors: none
Warnings: none

