################################################################################
#                                                                              #
#      IAR Universal Linker V6.5.0.91                                          #
#                                                                              #
#           Link time     =  30/Oct/2017  12:29:08                             #
#           Target CPU    =  MSP430                                            #
#           List file     =  "C:\Users\Alex\Documents\IAR Workbench\CambioFrec #
#                            uenciaOk\Debug\List\CambioFrecuenciaOk.map"       #
#           Output file 1 =  "C:\Users\Alex\Documents\IAR Workbench\CambioFrec #
#                            uenciaOk\Debug\Exe\CambioFrecuenciaOk.hex"        #
#                            Format: intel-standard                            #
#           Output file 2 =  "C:\Users\Alex\Documents\IAR Workbench\CambioFrec #
#                            uenciaOk\Debug\Exe\CambioFrecuenciaOk.dbg"        #
#                            Format: ubrof8                                    #
#                            UBROF version 8.0.2                               #
#           Command line  =  -f C:\Users\Alex\AppData\Local\Temp\EW4D17.tmp    #
#                            ("C:\Users\Alex\Documents\IAR Workbench\CambioFre #
#                            cuenciaOk\Debug\Obj\asm.r43"                      #
#                            -o                                                #
#                            "C:\Users\Alex\Documents\IAR Workbench\CambioFrec #
#                            uenciaOk\Debug\Exe\CambioFrecuenciaOk.hex"        #
#                            -Fintel-standard -l                               #
#                            "C:\Users\Alex\Documents\IAR Workbench\CambioFrec #
#                            uenciaOk\Debug\List\CambioFrecuenciaOk.map"       #
#                            -xms                                              #
#                            "-IC:\Program Files (x86)\IAR Systems\Embedded Wo #
#                            rkbench 8.0\430\LIB\"                             #
#                            -f                                                #
#                            "C:\Program Files (x86)\IAR Systems\Embedded Work #
#                            bench 8.0\430\config\linker\lnk430g2553.xcl"      #
#                            (-cmsp430 -QCODE_I=CODE_ID -QTLS16_I=TLS16_ID     #
#                            -Z(CONST)INFO=1000-10FF                           #
#                            -Z(CONST)INFOA=10C0-10FF                          #
#                            -Z(CONST)INFOB=1080-10BF                          #
#                            -Z(CONST)INFOC=1040-107F                          #
#                            -Z(CONST)INFOD=1000-103F                          #
#                            -Z(DATA)DATA16_I,DATA16_Z,DATA16_N,TLS16_I=0200-0 #
#                            3FF                                               #
#                            -Z(DATA)DATA16_HEAP+_DATA16_HEAP_SIZE             #
#                            -Z(DATA)CODE_I -Z(DATA)CSTACK+_STACK_SIZE#        #
#                            -Z(CONST)DATA16_C,DATA16_ID,TLS16_ID,DIFUNCT,CHEC #
#                            KSUM=C000-FFDD                                    #
#                            -Z(CODE)CSTART,ISR_CODE,CODE_ID=C000-FFDD         #
#                            -P(CODE)CODE=C000-FFDD                            #
#                            -Z(CONST)SIGNATURE=FFDE-FFDF                      #
#                            -Z(CODE)INTVEC=FFE0-FFFF                          #
#                            -Z(CODE)RESET=FFFE-FFFF) -D_STACK_SIZE=50         #
#                            -D_DATA16_HEAP_SIZE=50                            #
#                            "-Oubrof8=C:\Users\Alex\Documents\IAR Workbench\C #
#                            ambioFrecuenciaOk\Debug\Exe\CambioFrecuenciaOk.db #
#                            g"                                                #
#                            -D_DATA20_HEAP_SIZE=50)                           #
#                                                                              #
#                           Copyright (C) 1987-2016 IAR Systems AB.            #
################################################################################





                ****************************************
                *                                      *
                *           CROSS REFERENCE            *
                *                                      *
                ****************************************

       Program entry at :           F804  Absolute, from module : main


                ****************************************
                *                                      *
                *    AUTOMATIC SYMBOL REDIRECTIONS     *
                *                                      *
                ****************************************

                  There are no automatic symbol redirections.



                ****************************************
                *                                      *
                *              MODULE MAP              *
                *                                      *
                ****************************************


  DEFINED ABSOLUTE ENTRIES
    *************************************************************************

  DEFINED ABSOLUTE ENTRIES
  PROGRAM MODULE, NAME : ?ABS_ENTRY_MOD

Absolute parts
           ENTRY                   ADDRESS         REF BY
           =====                   =======         ======
           _DATA20_HEAP_SIZE       0050 
           _DATA16_HEAP_SIZE       0050 
           _STACK_SIZE             0050 
    *************************************************************************

  FILE NAME : C:\Users\Alex\Documents\IAR Workbench\CambioFrecuenciaOk\Debug\Obj\asm.r43
  PROGRAM MODULE, NAME : main

Absolute parts
     F800 - F919
     FFE4 - FFE5
     FFFE - FFFF
           ENTRY                   ADDRESS         REF BY
           =====                   =======         ======
           main                    F804 
           LOCAL                   ADDRESS         
           =====                   =======         
           RESET                   F800 
           P1BIOS                  F816 
           P2BIOS                  F83C 
           Compar                  F84C 
           Apaga                   F874 
           F5Hz                    F87C 
           F10Hz                   F89A 
           F20Hz                   F8B0 
           T12P5ms                 F8CE 
           T50ms                   F8DC 
           RUT1                    F8D2 
           T30ms                   F8EE 
           RUT2                    F8F2 
           BOTON                   F8FC 
           CASA                    F90E 
           CERO                    F916 



                ****************************************
                *                                      *
                *      SEGMENTS IN ADDRESS ORDER       *
                *                                      *
                ****************************************


SEGMENT              SPACE    START ADDRESS   END ADDRESS     SIZE  TYPE  ALIGN
=======              =====    =============   ===========     ====  ====  =====
                                       F800 - F919             11A  aseg  
                                       FFE4 - FFE5               2  aseg  
                                       FFFE - FFFF               2  aseg  

                ****************************************
                *                                      *
                *        END OF CROSS REFERENCE        *
                *                                      *
                ****************************************

 0 bytes of CODE memory (+ 286 absolute )

Errors: none
Warnings: none

